../Core/Src/main.c:83:5:__io_putchar	16	static
../Core/Src/main.c:89:13:I2C_Scan	16	static
../Core/Src/main.c:127:10:I2C_Scan	24	static
../Core/Src/main.c:100:5:main	136	static
../Core/Src/main.c:195:6:SystemClock_Config	160	static
../Core/Src/main.c:243:13:MX_I2C1_Init	8	static
../Core/Src/main.c:291:13:MX_USART1_UART_Init	8	static
../Core/Src/main.c:326:13:MX_USART2_UART_Init	8	static
../Core/Src/main.c:361:13:MX_USART3_UART_Init	8	static
../Core/Src/main.c:396:13:MX_GPIO_Init	24	static
../Core/Src/main.c:421:6:Error_Handler	4	static,ignoring_inline_asm
